line 9 column 5 - Warning: <employee> is a custom tag, but it doesn't follow the [naming conventions](https://html.spec.whatwg.org/multipage/custom-elements.html#valid-custom-element-name) set by the w3c.
To disable this warning just ensure that you use lowercase letters and include 1 dash like so 'custom-tag'!
The best practice is to use the first part as a [namespace](https://en.wikipedia.org/wiki/Namespace) and the second part as the tag's name. like so 'namespace-employee'.
To disable this warning, you can use the --namespaceless-custom-tags, but beware, there is the risk of name collision if a browser assigns meaning to this tag.!

This document has errors that must be fixed before
using HTML Tidy to generate a tidied up version.

About HTML Tidy: https://github.com/htacg/tidy-html5
Bug reports and comments: https://github.com/htacg/tidy-html5/issues
Official mailing list: https://lists.w3.org/Archives/Public/public-htacg/
Latest HTML specification: http://dev.w3.org/html5/spec-author-view/
Validate your HTML documents: http://validator.w3.org/nu/
Lobby your company to join the W3C: http://www.w3.org/Consortium

¿Le gustaría ver Tidy en un español correcto? Por favor considere
ayudarnos a localizar HTML Tidy. Para más detalles consulte
https://github.com/htacg/tidy-html5/blob/master/README/LOCALIZE.md
